[0.257s] DEBUG:colcon:Command line arguments: ['/usr/bin/colcon', 'build']
[0.257s] DEBUG:colcon:Parsed command line arguments: Namespace(log_base=None, log_level=None, verb_name='build', build_base='build', install_base='install', merge_install=False, symlink_install=False, test_result_base=None, continue_on_error=False, executor='parallel', parallel_workers=8, event_handlers=None, ignore_user_meta=False, metas=['./colcon.meta'], base_paths=['.'], packages_ignore=None, packages_ignore_regex=None, paths=None, packages_up_to=None, packages_up_to_regex=None, packages_above=None, packages_above_and_dependencies=None, packages_above_depth=None, packages_select_by_dep=None, packages_skip_by_dep=None, packages_skip_up_to=None, packages_select_build_failed=False, packages_skip_build_finished=False, packages_select_test_failures=False, packages_skip_test_passed=False, packages_select=None, packages_skip=None, packages_select_regex=None, packages_skip_regex=None, packages_start=None, packages_end=None, allow_overriding=[], cmake_args=None, cmake_target=None, cmake_target_skip_unavailable=False, cmake_clean_cache=False, cmake_clean_first=False, cmake_force_configure=False, ament_cmake_args=None, catkin_cmake_args=None, catkin_skip_building_tests=False, mixin_files=None, mixin=None, verb_parser=<colcon_mixin.mixin.mixin_argument.MixinArgumentDecorator object at 0x74f9d5038760>, verb_extension=<colcon_core.verb.build.BuildVerb object at 0x74f9d51a56c0>, main=<bound method BuildVerb.main of <colcon_core.verb.build.BuildVerb object at 0x74f9d51a56c0>>, mixin_verb=('build',))
[0.665s] Level 1:colcon.colcon_core.package_discovery:discover_packages(colcon_meta) check parameters
[0.666s] Level 1:colcon.colcon_core.package_discovery:discover_packages(recursive) check parameters
[0.666s] Level 1:colcon.colcon_core.package_discovery:discover_packages(ignore) check parameters
[0.666s] Level 1:colcon.colcon_core.package_discovery:discover_packages(path) check parameters
[0.666s] Level 1:colcon.colcon_core.package_discovery:discover_packages(colcon_meta) discover
[0.666s] Level 1:colcon.colcon_core.package_discovery:discover_packages(recursive) discover
[0.666s] INFO:colcon.colcon_core.package_discovery:Crawling recursively for packages in '/home/henrique/ws_visao/kinect-orbslam-ws'
[0.666s] Level 1:colcon.colcon_core.package_identification:_identify(.) by extensions ['ignore', 'ignore_ament_install']
[0.667s] Level 1:colcon.colcon_core.package_identification:_identify(.) by extension 'ignore'
[0.667s] Level 1:colcon.colcon_core.package_identification:_identify(.) by extension 'ignore_ament_install'
[0.667s] Level 1:colcon.colcon_core.package_identification:_identify(.) by extensions ['colcon_pkg']
[0.667s] Level 1:colcon.colcon_core.package_identification:_identify(.) by extension 'colcon_pkg'
[0.667s] Level 1:colcon.colcon_core.package_identification:_identify(.) by extensions ['colcon_meta']
[0.667s] Level 1:colcon.colcon_core.package_identification:_identify(.) by extension 'colcon_meta'
[0.667s] Level 1:colcon.colcon_core.package_identification:_identify(.) by extensions ['ros']
[0.667s] Level 1:colcon.colcon_core.package_identification:_identify(.) by extension 'ros'
[0.707s] Level 1:colcon.colcon_core.package_identification:_identify(.) by extensions ['cmake', 'python']
[0.708s] Level 1:colcon.colcon_core.package_identification:_identify(.) by extension 'cmake'
[0.708s] Level 1:colcon.colcon_core.package_identification:_identify(.) by extension 'python'
[0.708s] Level 1:colcon.colcon_core.package_identification:_identify(.) by extensions ['python_setup_py']
[0.708s] Level 1:colcon.colcon_core.package_identification:_identify(.) by extension 'python_setup_py'
[0.708s] Level 1:colcon.colcon_core.package_identification:_identify(build) by extensions ['ignore', 'ignore_ament_install']
[0.708s] Level 1:colcon.colcon_core.package_identification:_identify(build) by extension 'ignore'
[0.708s] Level 1:colcon.colcon_core.package_identification:_identify(build) ignored
[0.709s] Level 1:colcon.colcon_core.package_identification:_identify(install) by extensions ['ignore', 'ignore_ament_install']
[0.709s] Level 1:colcon.colcon_core.package_identification:_identify(install) by extension 'ignore'
[0.709s] Level 1:colcon.colcon_core.package_identification:_identify(install) ignored
[0.709s] Level 1:colcon.colcon_core.package_identification:_identify(log) by extensions ['ignore', 'ignore_ament_install']
[0.709s] Level 1:colcon.colcon_core.package_identification:_identify(log) by extension 'ignore'
[0.709s] Level 1:colcon.colcon_core.package_identification:_identify(log) ignored
[0.709s] Level 1:colcon.colcon_core.package_identification:_identify(src) by extensions ['ignore', 'ignore_ament_install']
[0.710s] Level 1:colcon.colcon_core.package_identification:_identify(src) by extension 'ignore'
[0.710s] Level 1:colcon.colcon_core.package_identification:_identify(src) by extension 'ignore_ament_install'
[0.710s] Level 1:colcon.colcon_core.package_identification:_identify(src) by extensions ['colcon_pkg']
[0.710s] Level 1:colcon.colcon_core.package_identification:_identify(src) by extension 'colcon_pkg'
[0.710s] Level 1:colcon.colcon_core.package_identification:_identify(src) by extensions ['colcon_meta']
[0.710s] Level 1:colcon.colcon_core.package_identification:_identify(src) by extension 'colcon_meta'
[0.710s] Level 1:colcon.colcon_core.package_identification:_identify(src) by extensions ['ros']
[0.710s] Level 1:colcon.colcon_core.package_identification:_identify(src) by extension 'ros'
[0.710s] Level 1:colcon.colcon_core.package_identification:_identify(src) by extensions ['cmake', 'python']
[0.710s] Level 1:colcon.colcon_core.package_identification:_identify(src) by extension 'cmake'
[0.710s] Level 1:colcon.colcon_core.package_identification:_identify(src) by extension 'python'
[0.711s] Level 1:colcon.colcon_core.package_identification:_identify(src) by extensions ['python_setup_py']
[0.711s] Level 1:colcon.colcon_core.package_identification:_identify(src) by extension 'python_setup_py'
[0.711s] Level 1:colcon.colcon_core.package_identification:_identify(src/ros2_orbslam3) by extensions ['ignore', 'ignore_ament_install']
[0.711s] Level 1:colcon.colcon_core.package_identification:_identify(src/ros2_orbslam3) by extension 'ignore'
[0.711s] Level 1:colcon.colcon_core.package_identification:_identify(src/ros2_orbslam3) by extension 'ignore_ament_install'
[0.711s] Level 1:colcon.colcon_core.package_identification:_identify(src/ros2_orbslam3) by extensions ['colcon_pkg']
[0.711s] Level 1:colcon.colcon_core.package_identification:_identify(src/ros2_orbslam3) by extension 'colcon_pkg'
[0.711s] Level 1:colcon.colcon_core.package_identification:_identify(src/ros2_orbslam3) by extensions ['colcon_meta']
[0.711s] Level 1:colcon.colcon_core.package_identification:_identify(src/ros2_orbslam3) by extension 'colcon_meta'
[0.711s] Level 1:colcon.colcon_core.package_identification:_identify(src/ros2_orbslam3) by extensions ['ros']
[0.711s] Level 1:colcon.colcon_core.package_identification:_identify(src/ros2_orbslam3) by extension 'ros'
[0.718s] DEBUG:colcon.colcon_core.package_identification:Package 'src/ros2_orbslam3' with type 'ros.ament_cmake' and name 'ros2_orbslam3'
[0.718s] Level 1:colcon.colcon_core.package_discovery:discover_packages(recursive) using defaults
[0.718s] Level 1:colcon.colcon_core.package_discovery:discover_packages(ignore) discover
[0.718s] Level 1:colcon.colcon_core.package_discovery:discover_packages(ignore) using defaults
[0.719s] Level 1:colcon.colcon_core.package_discovery:discover_packages(path) discover
[0.719s] Level 1:colcon.colcon_core.package_discovery:discover_packages(path) using defaults
[0.765s] Level 1:colcon.colcon_core.package_discovery:discover_packages(prefix_path) check parameters
[0.765s] Level 1:colcon.colcon_core.package_discovery:discover_packages(prefix_path) discover
[0.769s] DEBUG:colcon.colcon_installed_package_information.package_discovery:Found 3 installed packages in /home/henrique/ws_drone/keyboard-control-ros-sim/install
[0.772s] DEBUG:colcon.colcon_installed_package_information.package_discovery:Found 396 installed packages in /opt/ros/humble
[0.778s] Level 1:colcon.colcon_core.package_discovery:discover_packages(prefix_path) using defaults
[0.875s] Level 5:colcon.colcon_core.verb:set package 'ros2_orbslam3' build argument 'cmake_args' from command line to 'None'
[0.875s] Level 5:colcon.colcon_core.verb:set package 'ros2_orbslam3' build argument 'cmake_target' from command line to 'None'
[0.875s] Level 5:colcon.colcon_core.verb:set package 'ros2_orbslam3' build argument 'cmake_target_skip_unavailable' from command line to 'False'
[0.875s] Level 5:colcon.colcon_core.verb:set package 'ros2_orbslam3' build argument 'cmake_clean_cache' from command line to 'False'
[0.875s] Level 5:colcon.colcon_core.verb:set package 'ros2_orbslam3' build argument 'cmake_clean_first' from command line to 'False'
[0.875s] Level 5:colcon.colcon_core.verb:set package 'ros2_orbslam3' build argument 'cmake_force_configure' from command line to 'False'
[0.875s] Level 5:colcon.colcon_core.verb:set package 'ros2_orbslam3' build argument 'ament_cmake_args' from command line to 'None'
[0.876s] Level 5:colcon.colcon_core.verb:set package 'ros2_orbslam3' build argument 'catkin_cmake_args' from command line to 'None'
[0.876s] Level 5:colcon.colcon_core.verb:set package 'ros2_orbslam3' build argument 'catkin_skip_building_tests' from command line to 'False'
[0.876s] DEBUG:colcon.colcon_core.verb:Building package 'ros2_orbslam3' with the following arguments: {'ament_cmake_args': None, 'build_base': '/home/henrique/ws_visao/kinect-orbslam-ws/build/ros2_orbslam3', 'catkin_cmake_args': None, 'catkin_skip_building_tests': False, 'cmake_args': None, 'cmake_clean_cache': False, 'cmake_clean_first': False, 'cmake_force_configure': False, 'cmake_target': None, 'cmake_target_skip_unavailable': False, 'install_base': '/home/henrique/ws_visao/kinect-orbslam-ws/install/ros2_orbslam3', 'merge_install': False, 'path': '/home/henrique/ws_visao/kinect-orbslam-ws/src/ros2_orbslam3', 'symlink_install': False, 'test_result_base': None}
[0.876s] INFO:colcon.colcon_core.executor:Executing jobs using 'parallel' executor
[0.878s] DEBUG:colcon.colcon_parallel_executor.executor.parallel:run_until_complete
[0.878s] INFO:colcon.colcon_ros.task.ament_cmake.build:Building ROS package in '/home/henrique/ws_visao/kinect-orbslam-ws/src/ros2_orbslam3' with build type 'ament_cmake'
[0.879s] INFO:colcon.colcon_cmake.task.cmake.build:Building CMake package in '/home/henrique/ws_visao/kinect-orbslam-ws/src/ros2_orbslam3'
[0.882s] INFO:colcon.colcon_core.plugin_system:Skipping extension 'colcon_core.shell.bat': Not used on non-Windows systems
[0.883s] INFO:colcon.colcon_core.shell:Skip shell extension 'powershell' for command environment: Not usable outside of PowerShell
[0.883s] DEBUG:colcon.colcon_core.shell:Skip shell extension 'dsv' for command environment
[0.903s] DEBUG:colcon.colcon_core.event_handler.log_command:Invoking command in '/home/henrique/ws_visao/kinect-orbslam-ws/build/ros2_orbslam3': CMAKE_PREFIX_PATH=${CMAKE_PREFIX_PATH}:/home/henrique/ws_drone/keyboard-control-ros-sim/install/px4_control:/opt/ros/humble /usr/bin/cmake --build /home/henrique/ws_visao/kinect-orbslam-ws/build/ros2_orbslam3 -- -j8 -l8
[51.264s] DEBUG:colcon.colcon_core.event_handler.log_command:Invoked command in '/home/henrique/ws_visao/kinect-orbslam-ws/build/ros2_orbslam3' returned '0': CMAKE_PREFIX_PATH=${CMAKE_PREFIX_PATH}:/home/henrique/ws_drone/keyboard-control-ros-sim/install/px4_control:/opt/ros/humble /usr/bin/cmake --build /home/henrique/ws_visao/kinect-orbslam-ws/build/ros2_orbslam3 -- -j8 -l8
[51.281s] DEBUG:colcon.colcon_core.event_handler.log_command:Invoking command in '/home/henrique/ws_visao/kinect-orbslam-ws/build/ros2_orbslam3': CMAKE_PREFIX_PATH=${CMAKE_PREFIX_PATH}:/home/henrique/ws_drone/keyboard-control-ros-sim/install/px4_control:/opt/ros/humble /usr/bin/cmake --install /home/henrique/ws_visao/kinect-orbslam-ws/build/ros2_orbslam3
[51.321s] Level 1:colcon.colcon_core.environment:create_environment_scripts_only(ros2_orbslam3)
[51.322s] DEBUG:colcon.colcon_core.event_handler.log_command:Invoked command in '/home/henrique/ws_visao/kinect-orbslam-ws/build/ros2_orbslam3' returned '0': CMAKE_PREFIX_PATH=${CMAKE_PREFIX_PATH}:/home/henrique/ws_drone/keyboard-control-ros-sim/install/px4_control:/opt/ros/humble /usr/bin/cmake --install /home/henrique/ws_visao/kinect-orbslam-ws/build/ros2_orbslam3
[51.326s] Level 1:colcon.colcon_core.environment:checking '/home/henrique/ws_visao/kinect-orbslam-ws/install/ros2_orbslam3' for CMake module files
[51.326s] Level 1:colcon.colcon_core.environment:checking '/home/henrique/ws_visao/kinect-orbslam-ws/install/ros2_orbslam3' for CMake config files
[51.327s] Level 1:colcon.colcon_core.shell:create_environment_hook('ros2_orbslam3', 'cmake_prefix_path')
[51.327s] INFO:colcon.colcon_core.shell:Creating environment hook '/home/henrique/ws_visao/kinect-orbslam-ws/install/ros2_orbslam3/share/ros2_orbslam3/hook/cmake_prefix_path.ps1'
[51.329s] INFO:colcon.colcon_core.shell:Creating environment descriptor '/home/henrique/ws_visao/kinect-orbslam-ws/install/ros2_orbslam3/share/ros2_orbslam3/hook/cmake_prefix_path.dsv'
[51.330s] INFO:colcon.colcon_core.shell:Creating environment hook '/home/henrique/ws_visao/kinect-orbslam-ws/install/ros2_orbslam3/share/ros2_orbslam3/hook/cmake_prefix_path.sh'
[51.332s] Level 1:colcon.colcon_core.environment:checking '/home/henrique/ws_visao/kinect-orbslam-ws/install/ros2_orbslam3/lib'
[51.332s] Level 1:colcon.colcon_core.shell:create_environment_hook('ros2_orbslam3', 'ld_library_path_lib')
[51.332s] INFO:colcon.colcon_core.shell:Creating environment hook '/home/henrique/ws_visao/kinect-orbslam-ws/install/ros2_orbslam3/share/ros2_orbslam3/hook/ld_library_path_lib.ps1'
[51.333s] INFO:colcon.colcon_core.shell:Creating environment descriptor '/home/henrique/ws_visao/kinect-orbslam-ws/install/ros2_orbslam3/share/ros2_orbslam3/hook/ld_library_path_lib.dsv'
[51.333s] INFO:colcon.colcon_core.shell:Creating environment hook '/home/henrique/ws_visao/kinect-orbslam-ws/install/ros2_orbslam3/share/ros2_orbslam3/hook/ld_library_path_lib.sh'
[51.334s] Level 1:colcon.colcon_core.environment:checking '/home/henrique/ws_visao/kinect-orbslam-ws/install/ros2_orbslam3/bin'
[51.334s] Level 1:colcon.colcon_core.environment:checking '/home/henrique/ws_visao/kinect-orbslam-ws/install/ros2_orbslam3/lib/pkgconfig/ros2_orbslam3.pc'
[51.335s] Level 1:colcon.colcon_core.environment:checking '/home/henrique/ws_visao/kinect-orbslam-ws/install/ros2_orbslam3/lib/python3.10/site-packages'
[51.335s] Level 1:colcon.colcon_core.environment:checking '/home/henrique/ws_visao/kinect-orbslam-ws/install/ros2_orbslam3/bin'
[51.336s] INFO:colcon.colcon_core.shell:Creating package script '/home/henrique/ws_visao/kinect-orbslam-ws/install/ros2_orbslam3/share/ros2_orbslam3/package.ps1'
[51.337s] INFO:colcon.colcon_core.shell:Creating package descriptor '/home/henrique/ws_visao/kinect-orbslam-ws/install/ros2_orbslam3/share/ros2_orbslam3/package.dsv'
[51.338s] INFO:colcon.colcon_core.shell:Creating package script '/home/henrique/ws_visao/kinect-orbslam-ws/install/ros2_orbslam3/share/ros2_orbslam3/package.sh'
[51.339s] INFO:colcon.colcon_core.shell:Creating package script '/home/henrique/ws_visao/kinect-orbslam-ws/install/ros2_orbslam3/share/ros2_orbslam3/package.bash'
[51.340s] INFO:colcon.colcon_core.shell:Creating package script '/home/henrique/ws_visao/kinect-orbslam-ws/install/ros2_orbslam3/share/ros2_orbslam3/package.zsh'
[51.341s] Level 1:colcon.colcon_core.environment:create_file_with_runtime_dependencies(/home/henrique/ws_visao/kinect-orbslam-ws/install/ros2_orbslam3/share/colcon-core/packages/ros2_orbslam3)
[51.342s] Level 1:colcon.colcon_core.environment:create_environment_scripts_only(ros2_orbslam3)
[51.343s] Level 1:colcon.colcon_core.environment:checking '/home/henrique/ws_visao/kinect-orbslam-ws/install/ros2_orbslam3' for CMake module files
[51.344s] Level 1:colcon.colcon_core.environment:checking '/home/henrique/ws_visao/kinect-orbslam-ws/install/ros2_orbslam3' for CMake config files
[51.344s] Level 1:colcon.colcon_core.shell:create_environment_hook('ros2_orbslam3', 'cmake_prefix_path')
[51.344s] INFO:colcon.colcon_core.shell:Creating environment hook '/home/henrique/ws_visao/kinect-orbslam-ws/install/ros2_orbslam3/share/ros2_orbslam3/hook/cmake_prefix_path.ps1'
[51.345s] INFO:colcon.colcon_core.shell:Creating environment descriptor '/home/henrique/ws_visao/kinect-orbslam-ws/install/ros2_orbslam3/share/ros2_orbslam3/hook/cmake_prefix_path.dsv'
[51.345s] INFO:colcon.colcon_core.shell:Creating environment hook '/home/henrique/ws_visao/kinect-orbslam-ws/install/ros2_orbslam3/share/ros2_orbslam3/hook/cmake_prefix_path.sh'
[51.346s] Level 1:colcon.colcon_core.environment:checking '/home/henrique/ws_visao/kinect-orbslam-ws/install/ros2_orbslam3/lib'
[51.346s] Level 1:colcon.colcon_core.shell:create_environment_hook('ros2_orbslam3', 'ld_library_path_lib')
[51.347s] INFO:colcon.colcon_core.shell:Creating environment hook '/home/henrique/ws_visao/kinect-orbslam-ws/install/ros2_orbslam3/share/ros2_orbslam3/hook/ld_library_path_lib.ps1'
[51.347s] INFO:colcon.colcon_core.shell:Creating environment descriptor '/home/henrique/ws_visao/kinect-orbslam-ws/install/ros2_orbslam3/share/ros2_orbslam3/hook/ld_library_path_lib.dsv'
[51.348s] INFO:colcon.colcon_core.shell:Creating environment hook '/home/henrique/ws_visao/kinect-orbslam-ws/install/ros2_orbslam3/share/ros2_orbslam3/hook/ld_library_path_lib.sh'
[51.349s] Level 1:colcon.colcon_core.environment:checking '/home/henrique/ws_visao/kinect-orbslam-ws/install/ros2_orbslam3/bin'
[51.349s] Level 1:colcon.colcon_core.environment:checking '/home/henrique/ws_visao/kinect-orbslam-ws/install/ros2_orbslam3/lib/pkgconfig/ros2_orbslam3.pc'
[51.349s] Level 1:colcon.colcon_core.environment:checking '/home/henrique/ws_visao/kinect-orbslam-ws/install/ros2_orbslam3/lib/python3.10/site-packages'
[51.350s] Level 1:colcon.colcon_core.environment:checking '/home/henrique/ws_visao/kinect-orbslam-ws/install/ros2_orbslam3/bin'
[51.350s] INFO:colcon.colcon_core.shell:Creating package script '/home/henrique/ws_visao/kinect-orbslam-ws/install/ros2_orbslam3/share/ros2_orbslam3/package.ps1'
[51.351s] INFO:colcon.colcon_core.shell:Creating package descriptor '/home/henrique/ws_visao/kinect-orbslam-ws/install/ros2_orbslam3/share/ros2_orbslam3/package.dsv'
[51.352s] INFO:colcon.colcon_core.shell:Creating package script '/home/henrique/ws_visao/kinect-orbslam-ws/install/ros2_orbslam3/share/ros2_orbslam3/package.sh'
[51.352s] INFO:colcon.colcon_core.shell:Creating package script '/home/henrique/ws_visao/kinect-orbslam-ws/install/ros2_orbslam3/share/ros2_orbslam3/package.bash'
[51.353s] INFO:colcon.colcon_core.shell:Creating package script '/home/henrique/ws_visao/kinect-orbslam-ws/install/ros2_orbslam3/share/ros2_orbslam3/package.zsh'
[51.354s] Level 1:colcon.colcon_core.environment:create_file_with_runtime_dependencies(/home/henrique/ws_visao/kinect-orbslam-ws/install/ros2_orbslam3/share/colcon-core/packages/ros2_orbslam3)
[51.354s] DEBUG:colcon.colcon_parallel_executor.executor.parallel:closing loop
[51.354s] DEBUG:colcon.colcon_parallel_executor.executor.parallel:loop closed
[51.354s] DEBUG:colcon.colcon_parallel_executor.executor.parallel:run_until_complete finished with '0'
[51.355s] DEBUG:colcon.colcon_core.event_reactor:joining thread
[51.374s] INFO:colcon.colcon_core.plugin_system:Skipping extension 'colcon_notification.desktop_notification.terminal_notifier': Not used on non-Darwin systems
[51.374s] INFO:colcon.colcon_core.plugin_system:Skipping extension 'colcon_notification.desktop_notification.win32': Not used on non-Windows systems
[51.374s] INFO:colcon.colcon_notification.desktop_notification:Sending desktop notification using 'notify2'
[51.394s] DEBUG:colcon.colcon_core.event_reactor:joined thread
[51.395s] INFO:colcon.colcon_core.shell:Creating prefix script '/home/henrique/ws_visao/kinect-orbslam-ws/install/local_setup.ps1'
[51.397s] INFO:colcon.colcon_core.shell:Creating prefix util module '/home/henrique/ws_visao/kinect-orbslam-ws/install/_local_setup_util_ps1.py'
[51.400s] INFO:colcon.colcon_core.shell:Creating prefix chain script '/home/henrique/ws_visao/kinect-orbslam-ws/install/setup.ps1'
[51.402s] INFO:colcon.colcon_core.shell:Creating prefix script '/home/henrique/ws_visao/kinect-orbslam-ws/install/local_setup.sh'
[51.403s] INFO:colcon.colcon_core.shell:Creating prefix util module '/home/henrique/ws_visao/kinect-orbslam-ws/install/_local_setup_util_sh.py'
[51.404s] INFO:colcon.colcon_core.shell:Creating prefix chain script '/home/henrique/ws_visao/kinect-orbslam-ws/install/setup.sh'
[51.406s] INFO:colcon.colcon_core.shell:Creating prefix script '/home/henrique/ws_visao/kinect-orbslam-ws/install/local_setup.bash'
[51.407s] INFO:colcon.colcon_core.shell:Creating prefix chain script '/home/henrique/ws_visao/kinect-orbslam-ws/install/setup.bash'
[51.409s] INFO:colcon.colcon_core.shell:Creating prefix script '/home/henrique/ws_visao/kinect-orbslam-ws/install/local_setup.zsh'
[51.410s] INFO:colcon.colcon_core.shell:Creating prefix chain script '/home/henrique/ws_visao/kinect-orbslam-ws/install/setup.zsh'
