[0.017s] Invoking command in '/home/henrique/ws_visao/kinect-orbslam-ws/build/ros2_orbslam3': CMAKE_PREFIX_PATH=${CMAKE_PREFIX_PATH}:/home/henrique/ws_drone/keyboard-control-ros-sim/install/px4_control:/opt/ros/humble /usr/bin/cmake /home/henrique/ws_visao/kinect-orbslam-ws/src/ros2_orbslam3 -DCMAKE_INSTALL_PREFIX=/home/henrique/ws_visao/kinect-orbslam-ws/install/ros2_orbslam3
[0.104s] -- The C compiler identification is GNU 11.4.0
[0.201s] -- The CXX compiler identification is GNU 11.4.0
[0.214s] -- Detecting C compiler ABI info
[0.326s] -- Detecting C compiler ABI info - done
[0.340s] -- Check for working C compiler: /usr/bin/cc - skipped
[0.340s] -- Detecting C compile features
[0.341s] -- Detecting C compile features - done
[0.346s] -- Detecting CXX compiler ABI info
[0.479s] -- Detecting CXX compiler ABI info - done
[0.493s] -- Check for working CXX compiler: /usr/bin/c++ - skipped
[0.494s] -- Detecting CXX compile features
[0.495s] -- Detecting CXX compile features - done
[0.499s] -- Found ament_cmake: 1.3.11 (/opt/ros/humble/share/ament_cmake/cmake)
[0.760s] -- Found Python3: /usr/bin/python3 (found version "3.10.12") found components: Interpreter 
[0.928s] -- Found rclcpp: 16.0.12 (/opt/ros/humble/share/rclcpp/cmake)
[1.013s] -- Found rosidl_generator_c: 3.1.6 (/opt/ros/humble/share/rosidl_generator_c/cmake)
[1.023s] -- Found rosidl_adapter: 3.1.6 (/opt/ros/humble/share/rosidl_adapter/cmake)
[1.039s] -- Found rosidl_generator_cpp: 3.1.6 (/opt/ros/humble/share/rosidl_generator_cpp/cmake)
[1.063s] -- Using all available rosidl_typesupport_c: rosidl_typesupport_fastrtps_c;rosidl_typesupport_introspection_c
[1.094s] -- Using all available rosidl_typesupport_cpp: rosidl_typesupport_fastrtps_cpp;rosidl_typesupport_introspection_cpp
[1.178s] -- Found rmw_implementation_cmake: 6.1.2 (/opt/ros/humble/share/rmw_implementation_cmake/cmake)
[1.183s] -- Found rmw_fastrtps_cpp: 6.2.7 (/opt/ros/humble/share/rmw_fastrtps_cpp/cmake)
[1.316s] -- Found OpenSSL: /usr/lib/x86_64-linux-gnu/libcrypto.so (found version "3.0.2")  
[1.354s] -- Found FastRTPS: /opt/ros/humble/include  
[1.396s] -- Using RMW implementation 'rmw_fastrtps_cpp' as default
[1.414s] -- Looking for pthread.h
[1.533s] -- Looking for pthread.h - found
[1.533s] -- Performing Test CMAKE_HAVE_LIBC_PTHREAD
[1.653s] -- Performing Test CMAKE_HAVE_LIBC_PTHREAD - Success
[1.655s] -- Found Threads: TRUE  
[1.750s] -- Found nav_msgs: 4.8.0 (/opt/ros/humble/share/nav_msgs/cmake)
[1.808s] -- Found tf2_ros: 0.25.12 (/opt/ros/humble/share/tf2_ros/cmake)
[2.006s] -- Found tf2_geometry_msgs: 0.25.12 (/opt/ros/humble/share/tf2_geometry_msgs/cmake)
[2.038s] -- Found eigen3_cmake_module: 0.1.1 (/opt/ros/humble/share/eigen3_cmake_module/cmake)
[2.040s] -- Found Eigen3: TRUE (found version "3.4.0") 
[2.040s] -- Ensuring Eigen3 include directory is part of orocos-kdl CMake target
[2.046s] -- Found sensor_msgs: 4.8.0 (/opt/ros/humble/share/sensor_msgs/cmake)
[2.079s] -- Found cv_bridge: 3.2.1 (/opt/ros/humble/share/cv_bridge/cmake)
[2.104s] -- Found Eigen3: TRUE (found suitable version "3.4.0", minimum required is "3.4.0") 
[2.113s] -- Found required Ceres dependency: Eigen version 3.4.0 in /usr/include/eigen3
[2.123s] -- Found required Ceres dependency: glog
[2.125s] -- Found required Ceres dependency: gflags
[2.125s] -- Found Ceres version: 2.0.0 installed in: /usr with components: [EigenSparse, SparseLinearAlgebraLibrary, LAPACK, SuiteSparse, CXSparse, SchurSpecializations, Multithreading]
[2.133s] -- Found Eigen3: TRUE (found version "3.4.0") 
[2.145s] -- Found OpenGL: /usr/lib/x86_64-linux-gnu/libOpenGL.so  found components: OpenGL 
[2.156s] -- Found ORB_SLAM3: /home/henrique/ORB_SLAM3_Modular/lib/libORB_SLAM3.so  
[2.160s] -- Found visualization_msgs: 4.8.0 (/opt/ros/humble/share/visualization_msgs/cmake)
[2.199s] -- Found std_srvs: 4.8.0 (/opt/ros/humble/share/std_srvs/cmake)
[2.218s] -- Found image_transport: 3.1.11 (/opt/ros/humble/share/image_transport/cmake)
[2.239s] -- Found OpenCV: /usr (found version "4.5.4") 
[2.368s] -- Configuring done
[2.425s] -- Generating done
[2.441s] -- Build files have been written to: /home/henrique/ws_visao/kinect-orbslam-ws/build/ros2_orbslam3
[2.463s] Invoked command in '/home/henrique/ws_visao/kinect-orbslam-ws/build/ros2_orbslam3' returned '0': CMAKE_PREFIX_PATH=${CMAKE_PREFIX_PATH}:/home/henrique/ws_drone/keyboard-control-ros-sim/install/px4_control:/opt/ros/humble /usr/bin/cmake /home/henrique/ws_visao/kinect-orbslam-ws/src/ros2_orbslam3 -DCMAKE_INSTALL_PREFIX=/home/henrique/ws_visao/kinect-orbslam-ws/install/ros2_orbslam3
[2.466s] Invoking command in '/home/henrique/ws_visao/kinect-orbslam-ws/build/ros2_orbslam3': CMAKE_PREFIX_PATH=${CMAKE_PREFIX_PATH}:/home/henrique/ws_drone/keyboard-control-ros-sim/install/px4_control:/opt/ros/humble /usr/bin/cmake --build /home/henrique/ws_visao/kinect-orbslam-ws/build/ros2_orbslam3 -- -j8 -l8
[2.553s] [ 16%] [32mBuilding CXX object CMakeFiles/mono.dir/src/monocular/mono.cpp.o[0m
[2.554s] [ 33%] [32mBuilding CXX object CMakeFiles/mono.dir/src/monocular/monocular-slam-node.cpp.o[0m
[2.554s] [ 50%] [32mBuilding CXX object CMakeFiles/rgbd.dir/src/rgbd/rgbd.cpp.o[0m
[2.555s] [ 66%] [32mBuilding CXX object CMakeFiles/rgbd.dir/src/rgbd/rgbd-slam-node.cpp.o[0m
[3.055s] In file included from [01m[K/home/henrique/ws_visao/kinect-orbslam-ws/src/ros2_orbslam3/src/rgbd/rgbd-slam-node.cpp:13[m[K:
[3.055s] [01m[K/home/henrique/ws_visao/kinect-orbslam-ws/src/ros2_orbslam3/src/rgbd/rgbd-slam-node.hpp:17:10:[m[K [01;31m[Kfatal error: [m[Kcv_bridge/cv_bridge.hpp: No such file or directory
[3.055s]    17 | #include [01;31m[K<cv_bridge/cv_bridge.hpp>[m[K
[3.056s]       |          [01;31m[K^~~~~~~~~~~~~~~~~~~~~~~~~[m[K
[3.056s] compilation terminated.
[3.068s] gmake[2]: *** [CMakeFiles/rgbd.dir/build.make:90: CMakeFiles/rgbd.dir/src/rgbd/rgbd-slam-node.cpp.o] Error 1
[3.068s] gmake[2]: *** Waiting for unfinished jobs....
[3.175s] In file included from [01m[K/home/henrique/ws_visao/kinect-orbslam-ws/src/ros2_orbslam3/src/monocular/monocular-slam-node.cpp:17[m[K:
[3.176s] [01m[K/home/henrique/ws_visao/kinect-orbslam-ws/src/ros2_orbslam3/src/monocular/monocular-slam-node.hpp:13:10:[m[K [01;31m[Kfatal error: [m[Kcv_bridge/cv_bridge.hpp: No such file or directory
[3.176s]    13 | #include [01;31m[K<cv_bridge/cv_bridge.hpp>[m[K
[3.176s]       |          [01;31m[K^~~~~~~~~~~~~~~~~~~~~~~~~[m[K
[3.176s] compilation terminated.
[3.190s] gmake[2]: *** [CMakeFiles/mono.dir/build.make:90: CMakeFiles/mono.dir/src/monocular/monocular-slam-node.cpp.o] Error 1
[3.190s] gmake[2]: *** Waiting for unfinished jobs....
[4.848s] In file included from [01m[K/home/henrique/ws_visao/kinect-orbslam-ws/src/ros2_orbslam3/src/monocular/mono.cpp:18[m[K:
[4.848s] [01m[K/home/henrique/ws_visao/kinect-orbslam-ws/src/ros2_orbslam3/src/monocular/monocular-slam-node.hpp:13:10:[m[K [01;31m[Kfatal error: [m[Kcv_bridge/cv_bridge.hpp: No such file or directory
[4.848s]    13 | #include [01;31m[K<cv_bridge/cv_bridge.hpp>[m[K
[4.848s]       |          [01;31m[K^~~~~~~~~~~~~~~~~~~~~~~~~[m[K
[4.848s] compilation terminated.
[4.858s] In file included from [01m[K/home/henrique/ws_visao/kinect-orbslam-ws/src/ros2_orbslam3/src/rgbd/rgbd.cpp:19[m[K:
[4.858s] [01m[K/home/henrique/ws_visao/kinect-orbslam-ws/src/ros2_orbslam3/src/rgbd/rgbd-slam-node.hpp:17:10:[m[K [01;31m[Kfatal error: [m[Kcv_bridge/cv_bridge.hpp: No such file or directory
[4.858s]    17 | #include [01;31m[K<cv_bridge/cv_bridge.hpp>[m[K
[4.858s]       |          [01;31m[K^~~~~~~~~~~~~~~~~~~~~~~~~[m[K
[4.858s] compilation terminated.
[4.880s] gmake[2]: *** [CMakeFiles/rgbd.dir/build.make:76: CMakeFiles/rgbd.dir/src/rgbd/rgbd.cpp.o] Error 1
[4.880s] gmake[2]: *** [CMakeFiles/mono.dir/build.make:76: CMakeFiles/mono.dir/src/monocular/mono.cpp.o] Error 1
[4.880s] gmake[1]: *** [CMakeFiles/Makefile2:139: CMakeFiles/mono.dir/all] Error 2
[4.880s] gmake[1]: *** Waiting for unfinished jobs....
[4.880s] gmake[1]: *** [CMakeFiles/Makefile2:165: CMakeFiles/rgbd.dir/all] Error 2
[4.881s] gmake: *** [Makefile:146: all] Error 2
[4.884s] Invoked command in '/home/henrique/ws_visao/kinect-orbslam-ws/build/ros2_orbslam3' returned '2': CMAKE_PREFIX_PATH=${CMAKE_PREFIX_PATH}:/home/henrique/ws_drone/keyboard-control-ros-sim/install/px4_control:/opt/ros/humble /usr/bin/cmake --build /home/henrique/ws_visao/kinect-orbslam-ws/build/ros2_orbslam3 -- -j8 -l8
